       4      29     159     177 tests/inputs/atlamal.txt
