       1       9      48      48 tests/inputs/fox.txt
